// Jest Snapshot v1, https://goo.gl/fbAQLP

exports[`LoadingOverlay component test should render 1`] = `
<div>
  <div
    style="color: wheat; background: rgba(0, 0, 0, 0.5); width: 100vw; height: 100vh; margin: 0px; padding: 0px; position: fixed; top: 0px; right: 0px; z-index: 100; display: flex; justify-content: center; align-items: center; font-size: 25px; text-align: center;"
  >
    <p>
      Loading...
    </p>
  </div>
</div>
`;
